--------- beginning of main
08-08 16:22:55.265 14651 14651 D SessionCoordinator: Restored session: role=Host, id=43357adc-9a1b-499f-ac9d-cb5581c76f1c, code=B8YERY
08-08 16:23:09.165 14651 14651 D NearbyTransportMgr: startAdvertising: HearYet-YC7DCJ
08-08 16:23:09.285 14651 14651 D SessionCoordinator: Host session started: HearYet-YC7DCJ
08-08 16:23:11.058 14651 14651 D NearbyTransportMgr: broadcastControlMessage: Heartbeat to 0 endpoints
08-08 16:23:11.492 14651 14651 D NearbyTransportMgr: disconnectAll: 0 endpoints
08-08 16:23:11.493 14651 14651 D SessionCoordinator: Session creation cancelled
08-08 16:23:11.939 14651 14651 D NearbyTransportMgr: Advertising started: HearYet-YC7DCJ
08-08 16:23:13.398 14651 14651 D SessionCoordinator: Host session started: HearYet-2GMWCE
08-08 16:23:14.145 14651 14651 D NearbyTransportMgr: broadcastControlMessage: Heartbeat to 0 endpoints
08-08 16:23:19.156 14651 14651 D NearbyTransportMgr: broadcastControlMessage: Heartbeat to 0 endpoints
08-08 16:23:24.167 14651 14651 D NearbyTransportMgr: broadcastControlMessage: Heartbeat to 0 endpoints
08-08 16:23:29.178 14651 14651 D NearbyTransportMgr: broadcastControlMessage: Heartbeat to 0 endpoints
08-08 16:23:34.196 14651 14651 D NearbyTransportMgr: broadcastControlMessage: Heartbeat to 0 endpoints
08-08 16:23:39.216 14651 14651 D NearbyTransportMgr: broadcastControlMessage: Heartbeat to 0 endpoints
08-08 16:23:44.237 14651 14651 D NearbyTransportMgr: broadcastControlMessage: Heartbeat to 0 endpoints
08-08 16:23:49.259 14651 14651 D NearbyTransportMgr: broadcastControlMessage: Heartbeat to 0 endpoints
08-08 16:23:54.279 14651 14651 D NearbyTransportMgr: broadcastControlMessage: Heartbeat to 0 endpoints
08-08 16:23:59.298 14651 14651 D NearbyTransportMgr: broadcastControlMessage: Heartbeat to 0 endpoints
08-08 16:24:04.317 14651 14651 D NearbyTransportMgr: broadcastControlMessage: Heartbeat to 0 endpoints
08-08 16:24:09.338 14651 14651 D NearbyTransportMgr: broadcastControlMessage: Heartbeat to 0 endpoints
08-08 16:24:14.356 14651 14651 D NearbyTransportMgr: broadcastControlMessage: Heartbeat to 0 endpoints
08-08 16:24:19.376 14651 14651 D NearbyTransportMgr: broadcastControlMessage: Heartbeat to 0 endpoints
08-08 16:24:24.396 14651 14651 D NearbyTransportMgr: broadcastControlMessage: Heartbeat to 0 endpoints
